#-----------------------------------------------------------
# Vivado v2025.1 (64-bit)
# SW Build 6140274 on Thu May 22 00:12:29 MDT 2025
# IP Build 6138677 on Thu May 22 03:10:11 MDT 2025
# SharedData Build 6139179 on Tue May 20 17:58:58 MDT 2025
# Start of session at: Fri Nov 14 17:55:45 2025
# Process ID         : 18332
# Current directory  : D:/ee_class/uart_api/uart_api.runs/ila_0_synth_1
# Command line       : vivado.exe -log ila_0.vds -product Vivado -mode batch -messageDb vivado.pb -notrace -source ila_0.tcl
# Log file           : D:/ee_class/uart_api/uart_api.runs/ila_0_synth_1/ila_0.vds
# Journal file       : D:/ee_class/uart_api/uart_api.runs/ila_0_synth_1\vivado.jou
# Running On         : linhaid
# Platform           : Windows Server 2016 or Windows 10
# Operating System   : 26100
# Processor Detail   : Intel(R) Core(TM) i7-10875H CPU @ 2.30GHz
# CPU Frequency      : 2304 MHz
# CPU Physical cores : 8
# CPU Logical cores  : 16
# Host memory        : 17040 MB
# Swap memory        : 8053 MB
# Total Virtual      : 25093 MB
# Available Virtual  : 11550 MB
#-----------------------------------------------------------
source ila_0.tcl -notrace
