version: (200506)

available memory: 64M bytes
used memory: 278528 bytes [need 272K bytes if disable swap]

used block: 13 [memory(13) file(0)]
                 [ 8K(10) 64K(3) { total 272K bytes } ]
overhead: (9514) bytes for (13) blocks [Average: (731) bytes/block]

write  => 0(times) 0K(bytes) [0K bytes to file]
read   => 3(times) 60K(bytes) [11K bytes compressed data from file]
access => 147281(times) 1176M(bytes)
          [hit ratio: 99.998%]

time: write(0) read(0)  unit: second

swap file directory: (/home/linhaid/swashispin-mini/rtl/verdiLog)
used swap file number: (5)



swap file manager:
arrSize: (256)
idxCnt: (6)
closeHead: (1)
closeTail: (5)
openCnt: (4)
fid(5): fd(1073741826) fileName(/home/linhaid/swashispin-mini/rtl/simulator2.daidir/kdb.elab++/work.lib++/simulator2.sv.tdc)
	size(8330) lastModTime(1768690988) curModTime(1768690988)
	mode(rb)	hot(0) cool(4) pos(0)
fid(4): fd(1073741825) fileName(/home/linhaid/swashispin-mini/rtl/simulator2.daidir/kdb.elab++/work.lib++/ad5791.sv.tdc)
	size(6099) lastModTime(1768690988) curModTime(1768690988)
	mode(rb)	hot(5) cool(2) pos(0)
fid(3): fd(0) fileName(/home/linhaid/swashispin-mini/rtl/simulator2.daidir/kdb.elab++/work.lib++/dc.svh#inc___vcs_unit__1__1#.tdc)
	size(2745) lastModTime(1768690988) curModTime(1768690988)
	mode(rb)	hot(0) cool(0) pos(0)
fid(2): fd(32) fileName(/home/linhaid/swashispin-mini/rtl/verdiLog/_swap_0001#8323328#5966)
	size(0) lastModTime(0) curModTime(1768691560)
	mode(w+b)	hot(4) cool(1) pos(0)
fid(1): fd(1073741824) fileName(/home/linhaid/swashispin-mini/rtl/simulator2.daidir/kdb.elab++/work.lib++/dc_dispatcher.sv.tdc)
	size(4899) lastModTime(1768690988) curModTime(1768690988)
	mode(rb)	hot(2) cool(0) pos(0)
fid(0): fd(0) fileName(NULL)
	mode(NULL)	hot(0) cool(0) pos(0)
==================================================
mySelf(0x1fb12850) pre(0x1f0eaac0) next((nil))
version(200506)
date(Jan  4 2024 02:48:29)
